[2023-02-17T12:58:04.422-0500][gc,init] CardTable entry size: 512
[2023-02-17T12:58:04.422-0500][gc     ] Using G1
[2023-02-17T12:58:04.430-0500][gc,init] Version: 19+36-2238 (release)
[2023-02-17T12:58:04.430-0500][gc,init] CPUs: 8 total, 8 available
[2023-02-17T12:58:04.430-0500][gc,init] Memory: 16384M
[2023-02-17T12:58:04.430-0500][gc,init] Large Page Support: Disabled
[2023-02-17T12:58:04.430-0500][gc,init] NUMA Support: Disabled
[2023-02-17T12:58:04.430-0500][gc,init] Compressed Oops: Enabled (Zero based)
[2023-02-17T12:58:04.430-0500][gc,init] Heap Region Size: 1M
[2023-02-17T12:58:04.430-0500][gc,init] Heap Min Capacity: 1G
[2023-02-17T12:58:04.430-0500][gc,init] Heap Initial Capacity: 1G
[2023-02-17T12:58:04.430-0500][gc,init] Heap Max Capacity: 1G
[2023-02-17T12:58:04.430-0500][gc,init] Pre-touch: Disabled
[2023-02-17T12:58:04.430-0500][gc,init] Parallel Workers: 8
[2023-02-17T12:58:04.430-0500][gc,init] Concurrent Workers: 2
[2023-02-17T12:58:04.430-0500][gc,init] Concurrent Refinement Workers: 8
[2023-02-17T12:58:04.430-0500][gc,init] Periodic GC: Disabled
[2023-02-17T12:58:04.430-0500][gc,metaspace] CDS archive(s) mapped at: [0x0000000800000000-0x0000000800c44000-0x0000000800c44000), size 12861440, SharedBaseAddress: 0x0000000800000000, ArchiveRelocationMode: 0.
[2023-02-17T12:58:04.430-0500][gc,metaspace] Compressed class space mapped at: 0x0000000801000000-0x0000000841000000, reserved size: 1073741824
[2023-02-17T12:58:04.430-0500][gc,metaspace] Narrow klass base: 0x0000000800000000, Narrow klass shift: 0, Narrow klass range: 0x100000000
[2023-02-17T12:58:06.499-0500][gc,start    ] GC(0) Pause Young (Normal) (G1 Evacuation Pause)
[2023-02-17T12:58:06.500-0500][gc,task     ] GC(0) Using 8 workers of 8 for evacuation
[2023-02-17T12:58:06.506-0500][gc,phases   ] GC(0)   Pre Evacuate Collection Set: 0.1ms
[2023-02-17T12:58:06.506-0500][gc,phases   ] GC(0)   Merge Heap Roots: 0.1ms
[2023-02-17T12:58:06.506-0500][gc,phases   ] GC(0)   Evacuate Collection Set: 5.2ms
[2023-02-17T12:58:06.506-0500][gc,phases   ] GC(0)   Post Evacuate Collection Set: 0.7ms
[2023-02-17T12:58:06.506-0500][gc,phases   ] GC(0)   Other: 0.6ms
[2023-02-17T12:58:06.506-0500][gc,heap     ] GC(0) Eden regions: 51->0(44)
[2023-02-17T12:58:06.506-0500][gc,heap     ] GC(0) Survivor regions: 0->7(7)
[2023-02-17T12:58:06.506-0500][gc,heap     ] GC(0) Old regions: 0->1
[2023-02-17T12:58:06.506-0500][gc,heap     ] GC(0) Archive regions: 2->2
[2023-02-17T12:58:06.506-0500][gc,heap     ] GC(0) Humongous regions: 0->0
[2023-02-17T12:58:06.506-0500][gc,metaspace] GC(0) Metaspace: 18530K(18752K)->18530K(18752K) NonClass: 16436K(16512K)->16436K(16512K) Class: 2094K(2240K)->2094K(2240K)
[2023-02-17T12:58:06.506-0500][gc          ] GC(0) Pause Young (Normal) (G1 Evacuation Pause) 51M->8M(1024M) 6.995ms
[2023-02-17T12:58:06.506-0500][gc,cpu      ] GC(0) User=0.02s Sys=0.01s Real=0.01s
[2023-02-17T12:58:06.964-0500][gc,start    ] GC(1) Pause Young (Concurrent Start) (Metadata GC Threshold)
[2023-02-17T12:58:06.964-0500][gc,task     ] GC(1) Using 8 workers of 8 for evacuation
[2023-02-17T12:58:06.971-0500][gc,phases   ] GC(1)   Pre Evacuate Collection Set: 0.2ms
[2023-02-17T12:58:06.971-0500][gc,phases   ] GC(1)   Merge Heap Roots: 0.1ms
[2023-02-17T12:58:06.971-0500][gc,phases   ] GC(1)   Evacuate Collection Set: 6.7ms
[2023-02-17T12:58:06.971-0500][gc,phases   ] GC(1)   Post Evacuate Collection Set: 0.5ms
[2023-02-17T12:58:06.971-0500][gc,phases   ] GC(1)   Other: 0.1ms
[2023-02-17T12:58:06.971-0500][gc,heap     ] GC(1) Eden regions: 12->0(49)
[2023-02-17T12:58:06.971-0500][gc,heap     ] GC(1) Survivor regions: 7->2(7)
[2023-02-17T12:58:06.971-0500][gc,heap     ] GC(1) Old regions: 1->7
[2023-02-17T12:58:06.971-0500][gc,heap     ] GC(1) Archive regions: 2->2
[2023-02-17T12:58:06.971-0500][gc,heap     ] GC(1) Humongous regions: 129->129
[2023-02-17T12:58:06.971-0500][gc,metaspace] GC(1) Metaspace: 21297K(21504K)->21297K(21504K) NonClass: 18850K(18944K)->18850K(18944K) Class: 2447K(2560K)->2447K(2560K)
[2023-02-17T12:58:06.971-0500][gc          ] GC(1) Pause Young (Concurrent Start) (Metadata GC Threshold) 148M->138M(1024M) 7.772ms
[2023-02-17T12:58:06.971-0500][gc,cpu      ] GC(1) User=0.03s Sys=0.01s Real=0.01s
[2023-02-17T12:58:06.971-0500][gc          ] GC(2) Concurrent Mark Cycle
[2023-02-17T12:58:06.971-0500][gc,marking  ] GC(2) Concurrent Clear Claimed Marks
[2023-02-17T12:58:06.971-0500][gc,marking  ] GC(2) Concurrent Clear Claimed Marks 0.018ms
[2023-02-17T12:58:06.971-0500][gc,marking  ] GC(2) Concurrent Scan Root Regions
[2023-02-17T12:58:06.974-0500][gc,marking  ] GC(2) Concurrent Scan Root Regions 2.318ms
[2023-02-17T12:58:06.974-0500][gc,marking  ] GC(2) Concurrent Mark
[2023-02-17T12:58:06.974-0500][gc,marking  ] GC(2) Concurrent Mark From Roots
[2023-02-17T12:58:06.974-0500][gc,task     ] GC(2) Using 2 workers of 2 for marking
[2023-02-17T12:58:06.977-0500][gc,marking  ] GC(2) Concurrent Mark From Roots 3.105ms
[2023-02-17T12:58:06.977-0500][gc,marking  ] GC(2) Concurrent Preclean
[2023-02-17T12:58:06.977-0500][gc,marking  ] GC(2) Concurrent Preclean 0.059ms
[2023-02-17T12:58:06.977-0500][gc,start    ] GC(2) Pause Remark
[2023-02-17T12:58:06.979-0500][gc          ] GC(2) Pause Remark 139M->139M(1024M) 1.431ms
[2023-02-17T12:58:06.979-0500][gc,cpu      ] GC(2) User=0.00s Sys=0.00s Real=0.00s
[2023-02-17T12:58:06.979-0500][gc,marking  ] GC(2) Concurrent Mark 4.956ms
[2023-02-17T12:58:06.979-0500][gc,marking  ] GC(2) Concurrent Rebuild Remembered Sets
[2023-02-17T12:58:06.979-0500][gc,marking  ] GC(2) Concurrent Rebuild Remembered Sets 0.009ms
[2023-02-17T12:58:06.979-0500][gc,start    ] GC(2) Pause Cleanup
[2023-02-17T12:58:06.979-0500][gc          ] GC(2) Pause Cleanup 139M->139M(1024M) 0.036ms
[2023-02-17T12:58:06.979-0500][gc,cpu      ] GC(2) User=0.00s Sys=0.00s Real=0.00s
[2023-02-17T12:58:06.979-0500][gc,marking  ] GC(2) Concurrent Cleanup for Next Mark
[2023-02-17T12:58:06.987-0500][gc,marking  ] GC(2) Concurrent Cleanup for Next Mark 7.642ms
[2023-02-17T12:58:06.987-0500][gc          ] GC(2) Concurrent Mark Cycle 15.420ms
[2023-02-17T12:58:08.098-0500][gc,start    ] GC(3) Pause Young (Normal) (G1 Evacuation Pause)
[2023-02-17T12:58:08.098-0500][gc,task     ] GC(3) Using 8 workers of 8 for evacuation
[2023-02-17T12:58:08.104-0500][gc,phases   ] GC(3)   Pre Evacuate Collection Set: 0.2ms
[2023-02-17T12:58:08.104-0500][gc,phases   ] GC(3)   Merge Heap Roots: 0.1ms
[2023-02-17T12:58:08.104-0500][gc,phases   ] GC(3)   Evacuate Collection Set: 4.8ms
[2023-02-17T12:58:08.104-0500][gc,phases   ] GC(3)   Post Evacuate Collection Set: 0.5ms
[2023-02-17T12:58:08.104-0500][gc,phases   ] GC(3)   Other: 0.1ms
[2023-02-17T12:58:08.104-0500][gc,heap     ] GC(3) Eden regions: 49->0(45)
[2023-02-17T12:58:08.104-0500][gc,heap     ] GC(3) Survivor regions: 2->6(7)
[2023-02-17T12:58:08.104-0500][gc,heap     ] GC(3) Old regions: 7->7
[2023-02-17T12:58:08.104-0500][gc,heap     ] GC(3) Archive regions: 2->2
[2023-02-17T12:58:08.104-0500][gc,heap     ] GC(3) Humongous regions: 129->129
[2023-02-17T12:58:08.104-0500][gc,metaspace] GC(3) Metaspace: 33080K(33408K)->33080K(33408K) NonClass: 29541K(29696K)->29541K(29696K) Class: 3538K(3712K)->3538K(3712K)
[2023-02-17T12:58:08.104-0500][gc          ] GC(3) Pause Young (Normal) (G1 Evacuation Pause) 187M->142M(1024M) 5.834ms
[2023-02-17T12:58:08.104-0500][gc,cpu      ] GC(3) User=0.03s Sys=0.00s Real=0.01s
[2023-02-17T13:00:39.433-0500][gc,start    ] GC(4) Pause Young (Concurrent Start) (Metadata GC Threshold)
[2023-02-17T13:00:39.434-0500][gc,task     ] GC(4) Using 8 workers of 8 for evacuation
[2023-02-17T13:00:39.441-0500][gc,phases   ] GC(4)   Pre Evacuate Collection Set: 0.3ms
[2023-02-17T13:00:39.441-0500][gc,phases   ] GC(4)   Merge Heap Roots: 0.1ms
[2023-02-17T13:00:39.441-0500][gc,phases   ] GC(4)   Evacuate Collection Set: 5.3ms
[2023-02-17T13:00:39.441-0500][gc,phases   ] GC(4)   Post Evacuate Collection Set: 1.0ms
[2023-02-17T13:00:39.441-0500][gc,phases   ] GC(4)   Other: 0.2ms
[2023-02-17T13:00:39.441-0500][gc,heap     ] GC(4) Eden regions: 16->0(49)
[2023-02-17T13:00:39.441-0500][gc,heap     ] GC(4) Survivor regions: 6->2(7)
[2023-02-17T13:00:39.441-0500][gc,heap     ] GC(4) Old regions: 7->12
[2023-02-17T13:00:39.441-0500][gc,heap     ] GC(4) Archive regions: 2->2
[2023-02-17T13:00:39.441-0500][gc,heap     ] GC(4) Humongous regions: 129->0
[2023-02-17T13:00:39.441-0500][gc,metaspace] GC(4) Metaspace: 35837K(36160K)->35837K(36160K) NonClass: 31865K(32000K)->31865K(32000K) Class: 3972K(4160K)->3972K(4160K)
[2023-02-17T13:00:39.441-0500][gc          ] GC(4) Pause Young (Concurrent Start) (Metadata GC Threshold) 158M->13M(1024M) 7.830ms
[2023-02-17T13:00:39.441-0500][gc,cpu      ] GC(4) User=0.03s Sys=0.01s Real=0.01s
[2023-02-17T13:00:39.441-0500][gc          ] GC(5) Concurrent Mark Cycle
[2023-02-17T13:00:39.441-0500][gc,marking  ] GC(5) Concurrent Clear Claimed Marks
[2023-02-17T13:00:39.441-0500][gc,marking  ] GC(5) Concurrent Clear Claimed Marks 0.034ms
[2023-02-17T13:00:39.441-0500][gc,marking  ] GC(5) Concurrent Scan Root Regions
[2023-02-17T13:00:39.445-0500][gc,marking  ] GC(5) Concurrent Scan Root Regions 3.993ms
[2023-02-17T13:00:39.445-0500][gc,marking  ] GC(5) Concurrent Mark
[2023-02-17T13:00:39.445-0500][gc,marking  ] GC(5) Concurrent Mark From Roots
[2023-02-17T13:00:39.445-0500][gc,task     ] GC(5) Using 2 workers of 2 for marking
[2023-02-17T13:00:39.451-0500][gc,marking  ] GC(5) Concurrent Mark From Roots 5.615ms
[2023-02-17T13:00:39.468-0500][gc,marking  ] GC(5) Concurrent Preclean
[2023-02-17T13:00:39.468-0500][gc,marking  ] GC(5) Concurrent Preclean 0.112ms
[2023-02-17T13:00:39.468-0500][gc,start    ] GC(5) Pause Remark
[2023-02-17T13:00:39.469-0500][gc          ] GC(5) Pause Remark 14M->14M(1024M) 1.545ms
[2023-02-17T13:00:39.469-0500][gc,cpu      ] GC(5) User=0.01s Sys=0.00s Real=0.00s
[2023-02-17T13:00:39.470-0500][gc,marking  ] GC(5) Concurrent Mark 24.386ms
[2023-02-17T13:00:39.470-0500][gc,marking  ] GC(5) Concurrent Rebuild Remembered Sets
[2023-02-17T13:00:39.475-0500][gc,marking  ] GC(5) Concurrent Rebuild Remembered Sets 5.756ms
[2023-02-17T13:00:39.476-0500][gc,start    ] GC(5) Pause Cleanup
[2023-02-17T13:00:39.476-0500][gc          ] GC(5) Pause Cleanup 14M->14M(1024M) 0.154ms
[2023-02-17T13:00:39.476-0500][gc,cpu      ] GC(5) User=0.00s Sys=0.00s Real=0.00s
[2023-02-17T13:00:39.476-0500][gc,marking  ] GC(5) Concurrent Cleanup for Next Mark
[2023-02-17T13:00:39.482-0500][gc,marking  ] GC(5) Concurrent Cleanup for Next Mark 6.006ms
[2023-02-17T13:00:39.482-0500][gc          ] GC(5) Concurrent Mark Cycle 40.973ms
[2023-02-17T13:00:39.622-0500][gc,heap,exit] Heap
[2023-02-17T13:00:39.622-0500][gc,heap,exit]  garbage-first heap   total 1048576K, used 17867K [0x00000007c0000000, 0x0000000800000000)
[2023-02-17T13:00:39.622-0500][gc,heap,exit]   region size 1024K, 7 young (7168K), 2 survivors (2048K)
[2023-02-17T13:00:39.622-0500][gc,heap,exit]  Metaspace       used 36000K, committed 36352K, reserved 1114112K
[2023-02-17T13:00:39.622-0500][gc,heap,exit]   class space    used 4003K, committed 4160K, reserved 1048576K
