[2023-02-17T13:09:16.530-0500][gc,init] CardTable entry size: 512
[2023-02-17T13:09:16.530-0500][gc     ] Using G1
[2023-02-17T13:09:16.538-0500][gc,init] Version: 19+36-2238 (release)
[2023-02-17T13:09:16.538-0500][gc,init] CPUs: 8 total, 8 available
[2023-02-17T13:09:16.538-0500][gc,init] Memory: 16384M
[2023-02-17T13:09:16.538-0500][gc,init] Large Page Support: Disabled
[2023-02-17T13:09:16.538-0500][gc,init] NUMA Support: Disabled
[2023-02-17T13:09:16.538-0500][gc,init] Compressed Oops: Enabled (Zero based)
[2023-02-17T13:09:16.538-0500][gc,init] Heap Region Size: 1M
[2023-02-17T13:09:16.538-0500][gc,init] Heap Min Capacity: 1G
[2023-02-17T13:09:16.538-0500][gc,init] Heap Initial Capacity: 1G
[2023-02-17T13:09:16.538-0500][gc,init] Heap Max Capacity: 1G
[2023-02-17T13:09:16.538-0500][gc,init] Pre-touch: Disabled
[2023-02-17T13:09:16.538-0500][gc,init] Parallel Workers: 8
[2023-02-17T13:09:16.538-0500][gc,init] Concurrent Workers: 2
[2023-02-17T13:09:16.538-0500][gc,init] Concurrent Refinement Workers: 8
[2023-02-17T13:09:16.538-0500][gc,init] Periodic GC: Disabled
[2023-02-17T13:09:16.538-0500][gc,metaspace] CDS archive(s) mapped at: [0x0000000800000000-0x0000000800c44000-0x0000000800c44000), size 12861440, SharedBaseAddress: 0x0000000800000000, ArchiveRelocationMode: 0.
[2023-02-17T13:09:16.538-0500][gc,metaspace] Compressed class space mapped at: 0x0000000801000000-0x0000000841000000, reserved size: 1073741824
[2023-02-17T13:09:16.538-0500][gc,metaspace] Narrow klass base: 0x0000000800000000, Narrow klass shift: 0, Narrow klass range: 0x100000000
[2023-02-17T13:09:18.421-0500][gc,start    ] GC(0) Pause Young (Normal) (G1 Evacuation Pause)
[2023-02-17T13:09:18.422-0500][gc,task     ] GC(0) Using 8 workers of 8 for evacuation
[2023-02-17T13:09:18.428-0500][gc,phases   ] GC(0)   Pre Evacuate Collection Set: 0.1ms
[2023-02-17T13:09:18.428-0500][gc,phases   ] GC(0)   Merge Heap Roots: 0.1ms
[2023-02-17T13:09:18.428-0500][gc,phases   ] GC(0)   Evacuate Collection Set: 5.5ms
[2023-02-17T13:09:18.428-0500][gc,phases   ] GC(0)   Post Evacuate Collection Set: 0.7ms
[2023-02-17T13:09:18.428-0500][gc,phases   ] GC(0)   Other: 0.7ms
[2023-02-17T13:09:18.428-0500][gc,heap     ] GC(0) Eden regions: 51->0(44)
[2023-02-17T13:09:18.428-0500][gc,heap     ] GC(0) Survivor regions: 0->7(7)
[2023-02-17T13:09:18.428-0500][gc,heap     ] GC(0) Old regions: 0->0
[2023-02-17T13:09:18.428-0500][gc,heap     ] GC(0) Archive regions: 2->2
[2023-02-17T13:09:18.428-0500][gc,heap     ] GC(0) Humongous regions: 0->0
[2023-02-17T13:09:18.428-0500][gc,metaspace] GC(0) Metaspace: 18466K(18688K)->18466K(18688K) NonClass: 16383K(16512K)->16383K(16512K) Class: 2083K(2176K)->2083K(2176K)
[2023-02-17T13:09:18.428-0500][gc          ] GC(0) Pause Young (Normal) (G1 Evacuation Pause) 51M->7M(1024M) 7.483ms
[2023-02-17T13:09:18.428-0500][gc,cpu      ] GC(0) User=0.03s Sys=0.01s Real=0.00s
[2023-02-17T13:09:18.793-0500][gc,start    ] GC(1) Pause Young (Concurrent Start) (Metadata GC Threshold)
[2023-02-17T13:09:18.793-0500][gc,task     ] GC(1) Using 8 workers of 8 for evacuation
[2023-02-17T13:09:18.800-0500][gc,phases   ] GC(1)   Pre Evacuate Collection Set: 0.2ms
[2023-02-17T13:09:18.800-0500][gc,phases   ] GC(1)   Merge Heap Roots: 0.1ms
[2023-02-17T13:09:18.800-0500][gc,phases   ] GC(1)   Evacuate Collection Set: 6.3ms
[2023-02-17T13:09:18.800-0500][gc,phases   ] GC(1)   Post Evacuate Collection Set: 0.6ms
[2023-02-17T13:09:18.800-0500][gc,phases   ] GC(1)   Other: 0.1ms
[2023-02-17T13:09:18.800-0500][gc,heap     ] GC(1) Eden regions: 12->0(49)
[2023-02-17T13:09:18.800-0500][gc,heap     ] GC(1) Survivor regions: 7->2(7)
[2023-02-17T13:09:18.800-0500][gc,heap     ] GC(1) Old regions: 0->8
[2023-02-17T13:09:18.800-0500][gc,heap     ] GC(1) Archive regions: 2->2
[2023-02-17T13:09:18.800-0500][gc,heap     ] GC(1) Humongous regions: 129->129
[2023-02-17T13:09:18.800-0500][gc,metaspace] GC(1) Metaspace: 21302K(21504K)->21302K(21504K) NonClass: 18873K(18944K)->18873K(18944K) Class: 2428K(2560K)->2428K(2560K)
[2023-02-17T13:09:18.800-0500][gc          ] GC(1) Pause Young (Concurrent Start) (Metadata GC Threshold) 148M->138M(1024M) 7.582ms
[2023-02-17T13:09:18.800-0500][gc,cpu      ] GC(1) User=0.03s Sys=0.01s Real=0.01s
[2023-02-17T13:09:18.801-0500][gc          ] GC(2) Concurrent Mark Cycle
[2023-02-17T13:09:18.801-0500][gc,marking  ] GC(2) Concurrent Clear Claimed Marks
[2023-02-17T13:09:18.801-0500][gc,marking  ] GC(2) Concurrent Clear Claimed Marks 0.022ms
[2023-02-17T13:09:18.801-0500][gc,marking  ] GC(2) Concurrent Scan Root Regions
[2023-02-17T13:09:18.804-0500][gc,marking  ] GC(2) Concurrent Scan Root Regions 2.895ms
[2023-02-17T13:09:18.804-0500][gc,marking  ] GC(2) Concurrent Mark
[2023-02-17T13:09:18.804-0500][gc,marking  ] GC(2) Concurrent Mark From Roots
[2023-02-17T13:09:18.804-0500][gc,task     ] GC(2) Using 2 workers of 2 for marking
[2023-02-17T13:09:18.805-0500][gc,marking  ] GC(2) Concurrent Mark From Roots 1.101ms
[2023-02-17T13:09:18.805-0500][gc,marking  ] GC(2) Concurrent Preclean
[2023-02-17T13:09:18.805-0500][gc,marking  ] GC(2) Concurrent Preclean 0.019ms
[2023-02-17T13:09:18.805-0500][gc,start    ] GC(2) Pause Remark
[2023-02-17T13:09:18.807-0500][gc          ] GC(2) Pause Remark 139M->139M(1024M) 1.602ms
[2023-02-17T13:09:18.807-0500][gc,cpu      ] GC(2) User=0.01s Sys=0.01s Real=0.00s
[2023-02-17T13:09:18.807-0500][gc,marking  ] GC(2) Concurrent Mark 3.127ms
[2023-02-17T13:09:18.807-0500][gc,marking  ] GC(2) Concurrent Rebuild Remembered Sets
[2023-02-17T13:09:18.810-0500][gc,marking  ] GC(2) Concurrent Rebuild Remembered Sets 2.748ms
[2023-02-17T13:09:18.810-0500][gc,start    ] GC(2) Pause Cleanup
[2023-02-17T13:09:18.810-0500][gc          ] GC(2) Pause Cleanup 139M->139M(1024M) 0.145ms
[2023-02-17T13:09:18.810-0500][gc,cpu      ] GC(2) User=0.00s Sys=0.00s Real=0.00s
[2023-02-17T13:09:18.810-0500][gc,marking  ] GC(2) Concurrent Cleanup for Next Mark
[2023-02-17T13:09:18.817-0500][gc,marking  ] GC(2) Concurrent Cleanup for Next Mark 7.065ms
[2023-02-17T13:09:18.817-0500][gc          ] GC(2) Concurrent Mark Cycle 16.519ms
[2023-02-17T13:09:19.830-0500][gc,start    ] GC(3) Pause Young (Normal) (G1 Evacuation Pause)
[2023-02-17T13:09:19.830-0500][gc,task     ] GC(3) Using 8 workers of 8 for evacuation
[2023-02-17T13:09:19.834-0500][gc,phases   ] GC(3)   Pre Evacuate Collection Set: 0.1ms
[2023-02-17T13:09:19.834-0500][gc,phases   ] GC(3)   Merge Heap Roots: 0.1ms
[2023-02-17T13:09:19.834-0500][gc,phases   ] GC(3)   Evacuate Collection Set: 3.0ms
[2023-02-17T13:09:19.834-0500][gc,phases   ] GC(3)   Post Evacuate Collection Set: 0.8ms
[2023-02-17T13:09:19.834-0500][gc,phases   ] GC(3)   Other: 0.1ms
[2023-02-17T13:09:19.834-0500][gc,heap     ] GC(3) Eden regions: 49->0(45)
[2023-02-17T13:09:19.834-0500][gc,heap     ] GC(3) Survivor regions: 2->6(7)
[2023-02-17T13:09:19.834-0500][gc,heap     ] GC(3) Old regions: 8->8
[2023-02-17T13:09:19.834-0500][gc,heap     ] GC(3) Archive regions: 2->2
[2023-02-17T13:09:19.834-0500][gc,heap     ] GC(3) Humongous regions: 129->129
[2023-02-17T13:09:19.834-0500][gc,metaspace] GC(3) Metaspace: 33150K(33472K)->33150K(33472K) NonClass: 29583K(29760K)->29583K(29760K) Class: 3566K(3712K)->3566K(3712K)
[2023-02-17T13:09:19.834-0500][gc          ] GC(3) Pause Young (Normal) (G1 Evacuation Pause) 187M->142M(1024M) 4.250ms
[2023-02-17T13:09:19.834-0500][gc,cpu      ] GC(3) User=0.02s Sys=0.00s Real=0.00s
[2023-02-17T13:09:45.348-0500][gc,start    ] GC(4) Pause Young (Concurrent Start) (Metadata GC Threshold)
[2023-02-17T13:09:45.348-0500][gc,task     ] GC(4) Using 8 workers of 8 for evacuation
[2023-02-17T13:09:45.356-0500][gc,phases   ] GC(4)   Pre Evacuate Collection Set: 0.2ms
[2023-02-17T13:09:45.356-0500][gc,phases   ] GC(4)   Merge Heap Roots: 0.1ms
[2023-02-17T13:09:45.356-0500][gc,phases   ] GC(4)   Evacuate Collection Set: 6.5ms
[2023-02-17T13:09:45.356-0500][gc,phases   ] GC(4)   Post Evacuate Collection Set: 0.6ms
[2023-02-17T13:09:45.356-0500][gc,phases   ] GC(4)   Other: 0.2ms
[2023-02-17T13:09:45.356-0500][gc,heap     ] GC(4) Eden regions: 13->0(49)
[2023-02-17T13:09:45.356-0500][gc,heap     ] GC(4) Survivor regions: 6->2(7)
[2023-02-17T13:09:45.356-0500][gc,heap     ] GC(4) Old regions: 8->13
[2023-02-17T13:09:45.356-0500][gc,heap     ] GC(4) Archive regions: 2->2
[2023-02-17T13:09:45.356-0500][gc,heap     ] GC(4) Humongous regions: 129->129
[2023-02-17T13:09:45.356-0500][gc,metaspace] GC(4) Metaspace: 35757K(36160K)->35757K(36160K) NonClass: 31736K(31936K)->31736K(31936K) Class: 4021K(4224K)->4021K(4224K)
[2023-02-17T13:09:45.356-0500][gc          ] GC(4) Pause Young (Concurrent Start) (Metadata GC Threshold) 155M->143M(1024M) 8.103ms
[2023-02-17T13:09:45.356-0500][gc,cpu      ] GC(4) User=0.04s Sys=0.01s Real=0.01s
[2023-02-17T13:09:45.356-0500][gc          ] GC(5) Concurrent Mark Cycle
[2023-02-17T13:09:45.356-0500][gc,marking  ] GC(5) Concurrent Clear Claimed Marks
[2023-02-17T13:09:45.356-0500][gc,marking  ] GC(5) Concurrent Clear Claimed Marks 0.030ms
[2023-02-17T13:09:45.356-0500][gc,marking  ] GC(5) Concurrent Scan Root Regions
[2023-02-17T13:09:45.360-0500][gc,marking  ] GC(5) Concurrent Scan Root Regions 3.442ms
[2023-02-17T13:09:45.360-0500][gc,marking  ] GC(5) Concurrent Mark
[2023-02-17T13:09:45.360-0500][gc,marking  ] GC(5) Concurrent Mark From Roots
[2023-02-17T13:09:45.360-0500][gc,task     ] GC(5) Using 2 workers of 2 for marking
[2023-02-17T13:09:45.366-0500][gc,marking  ] GC(5) Concurrent Mark From Roots 6.592ms
[2023-02-17T13:09:45.366-0500][gc,marking  ] GC(5) Concurrent Preclean
[2023-02-17T13:09:45.366-0500][gc,marking  ] GC(5) Concurrent Preclean 0.070ms
[2023-02-17T13:09:45.367-0500][gc,start    ] GC(5) Pause Remark
[2023-02-17T13:09:45.368-0500][gc          ] GC(5) Pause Remark 144M->144M(1024M) 1.591ms
[2023-02-17T13:09:45.368-0500][gc,cpu      ] GC(5) User=0.01s Sys=0.00s Real=0.00s
[2023-02-17T13:09:45.368-0500][gc,marking  ] GC(5) Concurrent Mark 8.736ms
[2023-02-17T13:09:45.368-0500][gc,marking  ] GC(5) Concurrent Rebuild Remembered Sets
[2023-02-17T13:09:45.374-0500][gc,marking  ] GC(5) Concurrent Rebuild Remembered Sets 5.340ms
[2023-02-17T13:09:45.374-0500][gc,start    ] GC(5) Pause Cleanup
[2023-02-17T13:09:45.374-0500][gc          ] GC(5) Pause Cleanup 144M->144M(1024M) 0.161ms
[2023-02-17T13:09:45.374-0500][gc,cpu      ] GC(5) User=0.00s Sys=0.00s Real=0.00s
[2023-02-17T13:09:45.374-0500][gc,marking  ] GC(5) Concurrent Cleanup for Next Mark
[2023-02-17T13:09:45.381-0500][gc,marking  ] GC(5) Concurrent Cleanup for Next Mark 6.467ms
[2023-02-17T13:09:45.381-0500][gc          ] GC(5) Concurrent Mark Cycle 24.644ms
[2023-02-17T13:15:33.954-0500][gc,start    ] GC(6) Pause Young (Prepare Mixed) (G1 Evacuation Pause)
[2023-02-17T13:15:33.955-0500][gc,task     ] GC(6) Using 8 workers of 8 for evacuation
[2023-02-17T13:15:33.962-0500][gc,phases   ] GC(6)   Pre Evacuate Collection Set: 0.3ms
[2023-02-17T13:15:33.962-0500][gc,phases   ] GC(6)   Merge Heap Roots: 0.2ms
[2023-02-17T13:15:33.962-0500][gc,phases   ] GC(6)   Evacuate Collection Set: 5.8ms
[2023-02-17T13:15:33.962-0500][gc,phases   ] GC(6)   Post Evacuate Collection Set: 1.2ms
[2023-02-17T13:15:33.962-0500][gc,phases   ] GC(6)   Other: 0.2ms
[2023-02-17T13:15:33.963-0500][gc,heap     ] GC(6) Eden regions: 49->0(47)
[2023-02-17T13:15:33.963-0500][gc,heap     ] GC(6) Survivor regions: 2->4(7)
[2023-02-17T13:15:33.963-0500][gc,heap     ] GC(6) Old regions: 13->13
[2023-02-17T13:15:33.963-0500][gc,heap     ] GC(6) Archive regions: 2->2
[2023-02-17T13:15:33.963-0500][gc,heap     ] GC(6) Humongous regions: 129->129
[2023-02-17T13:15:33.963-0500][gc,metaspace] GC(6) Metaspace: 42193K(42880K)->42193K(42880K) NonClass: 37176K(37568K)->37176K(37568K) Class: 5017K(5312K)->5017K(5312K)
[2023-02-17T13:15:33.963-0500][gc          ] GC(6) Pause Young (Prepare Mixed) (G1 Evacuation Pause) 192M->146M(1024M) 8.365ms
[2023-02-17T13:15:33.963-0500][gc,cpu      ] GC(6) User=0.04s Sys=0.01s Real=0.01s
[2023-02-17T13:31:12.795-0500][gc,heap,exit] Heap
[2023-02-17T13:31:12.796-0500][gc,heap,exit]  garbage-first heap   total 1048576K, used 179702K [0x00000007c0000000, 0x0000000800000000)
[2023-02-17T13:31:12.796-0500][gc,heap,exit]   region size 1024K, 34 young (34816K), 4 survivors (4096K)
[2023-02-17T13:31:12.796-0500][gc,heap,exit]  Metaspace       used 42890K, committed 43584K, reserved 1114112K
[2023-02-17T13:31:12.796-0500][gc,heap,exit]   class space    used 5165K, committed 5504K, reserved 1048576K
