[2023-02-17T13:09:14.274-0500][gc,init] CardTable entry size: 512
[2023-02-17T13:09:14.274-0500][gc     ] Using G1
[2023-02-17T13:09:14.279-0500][gc,init] Version: 19+36-2238 (release)
[2023-02-17T13:09:14.279-0500][gc,init] CPUs: 8 total, 8 available
[2023-02-17T13:09:14.279-0500][gc,init] Memory: 16384M
[2023-02-17T13:09:14.279-0500][gc,init] Large Page Support: Disabled
[2023-02-17T13:09:14.279-0500][gc,init] NUMA Support: Disabled
[2023-02-17T13:09:14.279-0500][gc,init] Compressed Oops: Enabled (Zero based)
[2023-02-17T13:09:14.279-0500][gc,init] Heap Region Size: 1M
[2023-02-17T13:09:14.279-0500][gc,init] Heap Min Capacity: 512M
[2023-02-17T13:09:14.279-0500][gc,init] Heap Initial Capacity: 512M
[2023-02-17T13:09:14.279-0500][gc,init] Heap Max Capacity: 512M
[2023-02-17T13:09:14.279-0500][gc,init] Pre-touch: Disabled
[2023-02-17T13:09:14.279-0500][gc,init] Parallel Workers: 8
[2023-02-17T13:09:14.279-0500][gc,init] Concurrent Workers: 2
[2023-02-17T13:09:14.279-0500][gc,init] Concurrent Refinement Workers: 8
[2023-02-17T13:09:14.279-0500][gc,init] Periodic GC: Disabled
[2023-02-17T13:09:14.280-0500][gc,metaspace] CDS archive(s) mapped at: [0x0000000800000000-0x0000000800c44000-0x0000000800c44000), size 12861440, SharedBaseAddress: 0x0000000800000000, ArchiveRelocationMode: 0.
[2023-02-17T13:09:14.280-0500][gc,metaspace] Compressed class space mapped at: 0x0000000801000000-0x0000000841000000, reserved size: 1073741824
[2023-02-17T13:09:14.280-0500][gc,metaspace] Narrow klass base: 0x0000000800000000, Narrow klass shift: 0, Narrow klass range: 0x100000000
[2023-02-17T13:09:17.784-0500][gc,start    ] GC(0) Pause Young (Normal) (G1 Evacuation Pause)
[2023-02-17T13:09:17.785-0500][gc,task     ] GC(0) Using 8 workers of 8 for evacuation
[2023-02-17T13:09:17.794-0500][gc,phases   ] GC(0)   Pre Evacuate Collection Set: 0.2ms
[2023-02-17T13:09:17.794-0500][gc,phases   ] GC(0)   Merge Heap Roots: 0.1ms
[2023-02-17T13:09:17.794-0500][gc,phases   ] GC(0)   Evacuate Collection Set: 7.8ms
[2023-02-17T13:09:17.794-0500][gc,phases   ] GC(0)   Post Evacuate Collection Set: 0.8ms
[2023-02-17T13:09:17.794-0500][gc,phases   ] GC(0)   Other: 1.2ms
[2023-02-17T13:09:17.794-0500][gc,heap     ] GC(0) Eden regions: 25->0(21)
[2023-02-17T13:09:17.794-0500][gc,heap     ] GC(0) Survivor regions: 0->4(4)
[2023-02-17T13:09:17.794-0500][gc,heap     ] GC(0) Old regions: 0->4
[2023-02-17T13:09:17.794-0500][gc,heap     ] GC(0) Archive regions: 2->2
[2023-02-17T13:09:17.794-0500][gc,heap     ] GC(0) Humongous regions: 0->0
[2023-02-17T13:09:17.794-0500][gc,metaspace] GC(0) Metaspace: 8448K(8640K)->8448K(8640K) NonClass: 7550K(7616K)->7550K(7616K) Class: 898K(1024K)->898K(1024K)
[2023-02-17T13:09:17.795-0500][gc          ] GC(0) Pause Young (Normal) (G1 Evacuation Pause) 25M->7M(512M) 10.606ms
[2023-02-17T13:09:17.795-0500][gc,cpu      ] GC(0) User=0.02s Sys=0.01s Real=0.01s
[2023-02-17T13:31:13.154-0500][gc,heap,exit] Heap
[2023-02-17T13:31:13.154-0500][gc,heap,exit]  garbage-first heap   total 524288K, used 17493K [0x00000007e0000000, 0x0000000800000000)
[2023-02-17T13:31:13.154-0500][gc,heap,exit]   region size 1024K, 14 young (14336K), 4 survivors (4096K)
[2023-02-17T13:31:13.154-0500][gc,heap,exit]  Metaspace       used 9309K, committed 9536K, reserved 1114112K
[2023-02-17T13:31:13.154-0500][gc,heap,exit]   class space    used 940K, committed 1088K, reserved 1048576K
